Γû▓ Next.js 16.1.6 (Turbopack)
- Environments: .env

npx : ΓÜá The 
"middleware" file 
convention is deprecated. 
Please use "proxy" 
instead. Learn more: https
://nextjs.org/docs/message
s/middleware-to-proxy
At line:1 char:1
+ npx next build > 
build_output.txt 2>&1
+ ~~~~~~~~~~~~~~~~~~~~~~~~
~~~~~~~~~~~~~~
    + CategoryInfo        
      : NotSpecified: (Γ  
  Üá The "middle...lewa   
 re-to-proxy:String) [    
], RemoteException
    + FullyQualifiedError 
   Id : NativeCommandErr  
  or
 
  Creating an optimized production build ...

> Build error occurred
Error: Turbopack build 
failed with 3 errors:
./app/admin/analytics/page
.tsx:6:1
Module not found: Can't 
resolve 'date-fns'
[0m [90m 4 |[39m 
[36mimport[39m { 
authOptions } 
[36mfrom[39m [32m"@/lib
/auth"[39m[33m;[39m
 [90m 5 |[39m 
[36mimport[39m { 
redirect } [36mfrom[39m 
[32m"next/navigation"[39
m[33m;[39m
[31m[1m>[22m[39m[90m 
6 |[39m [36mimport[39m 
{ format[33m,[39m 
subDays } [36mfrom[39m 
[32m"date-fns"[39m[33m;
[39m
 [90m   |[39m [31m[1m^
[22m[39m[31m[1m^[22m
[39m[31m[1m^[22m[39m[
31m[1m^[22m[39m[31m[1
m^[22m[39m[31m[1m^[22
m[39m[31m[1m^[22m[39m
[31m[1m^[22m[39m[31m
[1m^[22m[39m[31m[1m^[
22m[39m[31m[1m^[22m[3
9m[31m[1m^[22m[39m[31
m[1m^[22m[39m[31m[1m^
[22m[39m[31m[1m^[22m
[39m[31m[1m^[22m[39m[
31m[1m^[22m[39m[31m[1
m^[22m[39m[31m[1m^[22
m[39m[31m[1m^[22m[39m
[31m[1m^[22m[39m[31m
[1m^[22m[39m[31m[1m^[
22m[39m[31m[1m^[22m[3
9m[31m[1m^[22m[39m[31
m[1m^[22m[39m[31m[1m^
[22m[39m[31m[1m^[22m
[39m[31m[1m^[22m[39m[
31m[1m^[22m[39m[31m[1
m^[22m[39m[31m[1m^[22
m[39m[31m[1m^[22m[39m
[31m[1m^[22m[39m[31m
[1m^[22m[39m[31m[1m^[
22m[39m[31m[1m^[22m[3
9m[31m[1m^[22m[39m[31
m[1m^[22m[39m[31m[1m^
[22m[39m[31m[1m^[22m
[39m[31m[1m^[22m[39m[
31m[1m^[22m[39m
 [90m 7 |[39m
 [90m 8 |[39m 
[36mconst[39m prisma 
[33m=[39m [36mnew[39m 
[33mPrismaClient[39m()[
33m;[39m
 [90m 9 |[39m[0m



https://nextjs.org/docs/me
ssages/module-not-found


./app/admin/orders/compone
nts/OrderTable.tsx:5:1
Module not found: Can't 
resolve 'date-fns'
[0m [90m 3 |[39m
 [90m 4 |[39m 
[36mimport[39m { 
useState } [36mfrom[39m 
[32m"react"[39m[33m;[3
9m
[31m[1m>[22m[39m[90m 
5 |[39m [36mimport[39m 
{ format } [36mfrom[39m 
[32m"date-fns"[39m[33m;
[39m
 [90m   |[39m [31m[1m^
[22m[39m[31m[1m^[22m
[39m[31m[1m^[22m[39m[
31m[1m^[22m[39m[31m[1
m^[22m[39m[31m[1m^[22
m[39m[31m[1m^[22m[39m
[31m[1m^[22m[39m[31m
[1m^[22m[39m[31m[1m^[
22m[39m[31m[1m^[22m[3
9m[31m[1m^[22m[39m[31
m[1m^[22m[39m[31m[1m^
[22m[39m[31m[1m^[22m
[39m[31m[1m^[22m[39m[
31m[1m^[22m[39m[31m[1
m^[22m[39m[31m[1m^[22
m[39m[31m[1m^[22m[39m
[31m[1m^[22m[39m[31m
[1m^[22m[39m[31m[1m^[
22m[39m[31m[1m^[22m[3
9m[31m[1m^[22m[39m[31
m[1m^[22m[39m[31m[1m^
[22m[39m[31m[1m^[22m
[39m[31m[1m^[22m[39m[
31m[1m^[22m[39m[31m[1
m^[22m[39m[31m[1m^[22
m[39m[31m[1m^[22m[39m
[31m[1m^[22m[39m
 [90m 6 |[39m 
[36mimport[39m { toast 
} [36mfrom[39m [32m"son
ner"[39m[33m;[39m
 [90m 7 |[39m 
[36mimport[39m { 
[33mX[39m[33m,[39m 
[33mEye[39m[33m,[39m 
[33mFileText[39m[33m,[3
9m [33mPackage[39m[33m,
[39m [33mTruck[39m[33m
,[39m [33mCheckCircle[3
9m[33m,[39m 
[33mClock[39m } 
[36mfrom[39m [32m"lucid
e-react"[39m[33m;[39m
 [90m 8 |[39m[0m



Import trace:
  Server Component:
    ./app/admin/orders/com
ponents/OrderTable.tsx
    ./app/admin/orders/pag
e.tsx

https://nextjs.org/docs/me
ssages/module-not-found


./app/admin/users/componen
ts/UsersTable.tsx:5:1
Module not found: Can't 
resolve 'date-fns'
[0m [90m 3 |[39m 
[36mimport[39m { 
useState[33m,[39m 
useMemo } [36mfrom[39m 
[32m"react"[39m[33m;[39
m
 [90m 4 |[39m 
[36mimport[39m { toast 
} [36mfrom[39m [32m"son
ner"[39m[33m;[39m
[31m[1m>[22m[39m[90m 
5 |[39m [36mimport[39m 
{ format } [36mfrom[39m 
[32m"date-fns"[39m[33m;
[39m
 [90m   |[39m [31m[1m^
[22m[39m[31m[1m^[22m
[39m[31m[1m^[22m[39m[
31m[1m^[22m[39m[31m[1
m^[22m[39m[31m[1m^[22
m[39m[31m[1m^[22m[39m
[31m[1m^[22m[39m[31m
[1m^[22m[39m[31m[1m^[
22m[39m[31m[1m^[22m[3
9m[31m[1m^[22m[39m[31
m[1m^[22m[39m[31m[1m^
[22m[39m[31m[1m^[22m
[39m[31m[1m^[22m[39m[
31m[1m^[22m[39m[31m[1
m^[22m[39m[31m[1m^[22
m[39m[31m[1m^[22m[39m
[31m[1m^[22m[39m[31m
[1m^[22m[39m[31m[1m^[
22m[39m[31m[1m^[22m[3
9m[31m[1m^[22m[39m[31
m[1m^[22m[39m[31m[1m^
[22m[39m[31m[1m^[22m
[39m[31m[1m^[22m[39m[
31m[1m^[22m[39m[31m[1
m^[22m[39m[31m[1m^[22
m[39m[31m[1m^[22m[39m
[31m[1m^[22m[39m
 [90m 6 |[39m 
[36mimport[39m { [33mSe
arch[39m[33m,[39m [33m
ChevronLeft[39m[33m,[39
m [33mChevronRight[39m[
33m,[39m 
[33mBan[39m[33m,[39m 
[33mCheckCircle[39m[33m,
[39m [33mShieldCheck[39
m[33m,[39m 
[33mEye[39m[33m,[39m 
[33mX[39m[33m,[39m 
[33mPackage[39m } 
[36mfrom[39m [32m"lucid
e-react"[39m[33m;[39m
 [90m 7 |[39m
 [90m 8 |[39m 
[36mconst[39m 
[33mITEMS_PER_PAGE[39m 
[33m=[39m [35m10[39m[
33m;[39m[0m



Import trace:
  Server Component:
    ./app/admin/users/comp
onents/UsersTable.tsx
    
./app/admin/users/page.tsx

https://nextjs.org/docs/me
ssages/module-not-found


    at <unknown> (./app/ad
min/analytics/page.tsx:6:1
)
    at <unknown> (https://
nextjs.org/docs/messages/m
odule-not-found)
    at <unknown> (./app/ad
min/orders/components/Orde
rTable.tsx:5:1)
    at <unknown> (https://
nextjs.org/docs/messages/m
odule-not-found)
    at <unknown> (./app/ad
min/users/components/Users
Table.tsx:5:1)
    at <unknown> (https://
nextjs.org/docs/messages/m
odule-not-found)
